
> toilatung-platform@0.1.0 build
> next build

▲ Next.js 16.2.6 (Turbopack)

  Creating an optimized production build ...
✓ Compiled successfully in 58s
  Running TypeScript ...
Failed to type check.

./src/app/claude-design/page.tsx:3:24
Type error: Cannot find name 'Metadata'.

  [90m1 |[0m [36mimport[0m [33mReact[0m [36mfrom[0m [32m'react'[0m;
  [90m2 |[0m
[31m[1m>[0m [90m3 |[0m [36mexport[0m [36mconst[0m metadata: [33mMetadata[0m = {
  [90m  |[0m                        [31m[1m^[0m
  [90m4 |[0m   title: [32m'Claude Design Master v4 — Thiết Kế AI Native'[0m,
  [90m5 |[0m   description: [32m'Chào mừng bạn đến với kỷ nguyên thiết kế AI-native. Claude Design cho phép ...[0m
  [90m6 |[0m };
Next.js build worker exited with code: 1 and signal: null
